---
created: "2019-09-18T11:15:52.132086904Z"
creator: insta@0.8.1
source: tests/ai/alphabeta.rs
expression: ps.field.to_field_string()
---

0330031110
3333333110
3331131110
3301111310
3301131330
3301133130
3301131110
3301111310
3301131330
3301133130
3301131110
3301111310
3333131330
1111133130
3333131110
3333111310
3333131330
1111133130
3333131110
1111111110

