---
created: "2019-09-18T11:15:52.189989752Z"
creator: insta@0.8.1
source: tests/ai/alphabeta.rs
expression: "serde_json::to_string(&ps.field.log).unwrap()"
---
{"log":[{"PayloadPlaced":{"x":0,"y":0,"block":0,"orientation":0,"from":0}},{"PayloadConsidering":{"play_index":0}},{"PayloadPlaced":{"x":0,"y":1,"block":0,"orientation":0,"from":1}},{"PayloadConsidering":{"play_index":0}},{"PayloadPlaced":{"x":0,"y":2,"block":0,"orientation":0,"from":0}},{"PayloadConsidering":{"play_index":0}},{"PayloadPlaced":{"x":0,"y":3,"block":0,"orientation":0,"from":1}},{"PayloadConsidering":{"play_index":0}},{"PayloadPlaced":{"x":4,"y":0,"block":0,"orientation":1,"from":0}},{"PayloadConsidering":{"play_index":0}},{"PayloadPlaced":{"x":0,"y":4,"block":0,"orientation":0,"from":1}},{"PayloadConsidering":{"play_index":0}},{"PayloadPlaced":{"x":4,"y":4,"block":0,"orientation":1,"from":0}},{"PayloadConsidering":{"play_index":0}},{"PayloadPlaced":{"x":0,"y":5,"block":0,"orientation":0,"from":1}},{"PayloadConsidering":{"play_index":0}},{"PayloadPlaced":{"x":0,"y":6,"block":0,"orientation":0,"from":0}},{"PayloadConsidering":{"play_index":0}},{"PayloadPlaced":{"x":0,"y":7,"block":0,"orientation":0,"from":1}},{"PayloadConsidering":{"play_index":0}},{"PayloadPlaced":{"x":3,"y":8,"block":1,"orientation":0,"from":0}},{"PayloadConsidering":{"play_index":0}},{"PayloadPlaced":{"x":0,"y":8,"block":1,"orientation":0,"from":1}},{"PayloadConsidering":{"play_index":0}},{"PayloadPlaced":{"x":3,"y":10,"block":1,"orientation":0,"from":0}},{"PayloadConsidering":{"play_index":0}},{"PayloadPlaced":{"x":0,"y":10,"block":1,"orientation":0,"from":1}},{"PayloadConsidering":{"play_index":0}},{"PayloadPlaced":{"x":3,"y":12,"block":1,"orientation":0,"from":0}},{"PayloadConsidering":{"play_index":0}},{"PayloadPlaced":{"x":0,"y":12,"block":1,"orientation":0,"from":1}},{"PayloadConsidering":{"play_index":0}},{"PayloadPlaced":{"x":3,"y":14,"block":1,"orientation":0,"from":0}},{"PayloadConsidering":{"play_index":0}},{"PayloadPlaced":{"x":0,"y":14,"block":1,"orientation":0,"from":1}},{"PayloadConsidering":{"play_index":0}},{"PayloadPlaced":{"x":3,"y":16,"block":1,"orientation":0,"from":0}},{"PayloadConsidering":{"play_index":0}},{"PayloadPlaced":{"x":0,"y":16,"block":1,"orientation":0,"from":1}},{"PayloadConsidering":{"play_index":0}},{"PayloadPlaced":{"x":6,"y":0,"block":2,"orientation":0,"from":0}},{"PayloadConsidering":{"play_index":0}},{"PayloadPlaced":{"x":5,"y":2,"block":2,"orientation":1,"from":1}},{"PayloadConsidering":{"play_index":0}},{"PayloadPlaced":{"x":6,"y":4,"block":2,"orientation":3,"from":0}},{"PayloadConsidering":{"play_index":0}},{"PayloadPlaced":{"x":5,"y":6,"block":2,"orientation":1,"from":1}},{"PayloadConsidering":{"play_index":0}},{"PayloadPlaced":{"x":6,"y":8,"block":2,"orientation":3,"from":0}},{"PayloadConsidering":{"play_index":0}},{"PayloadPlaced":{"x":5,"y":10,"block":2,"orientation":1,"from":1}},{"PayloadConsidering":{"play_index":0}},{"PayloadPlaced":{"x":6,"y":12,"block":2,"orientation":3,"from":0}},{"PayloadConsidering":{"play_index":0}},{"PayloadPlaced":{"x":5,"y":14,"block":2,"orientation":1,"from":1}},{"PayloadConsidering":{"play_index":0}},{"PayloadPlaced":{"x":6,"y":16,"block":2,"orientation":3,"from":0}},{"PayloadConsidering":{"play_index":0}},{"PayloadPlaced":{"x":5,"y":18,"block":2,"orientation":1,"from":1}},{"PayloadConsidering":{"play_index":0}},{"PayloadPlaced":{"x":7,"y":2,"block":3,"orientation":1,"from":0}},{"PayloadConsidering":{"play_index":0}},{"PayloadPlaced":{"x":7,"y":4,"block":3,"orientation":1,"from":1}},{"PayloadConsidering":{"play_index":0}},{"PayloadPlaced":{"x":7,"y":6,"block":3,"orientation":1,"from":0}},{"PayloadConsidering":{"play_index":0}},{"PayloadPlaced":{"x":7,"y":8,"block":3,"orientation":1,"from":1}},{"PayloadConsidering":{"play_index":0}},{"PayloadPlaced":{"x":7,"y":10,"block":3,"orientation":1,"from":0}},{"PayloadConsidering":{"play_index":0}},{"PayloadPlaced":{"x":7,"y":12,"block":3,"orientation":1,"from":1}},{"PayloadConsidering":{"play_index":0}},{"PayloadPlaced":{"x":7,"y":14,"block":3,"orientation":1,"from":0}},{"PayloadConsidering":{"play_index":0}},{"PayloadPlaced":{"x":7,"y":16,"block":3,"orientation":1,"from":1}},{"PayloadConsidering":{"play_index":0}},{"PayloadPlaced":{"x":7,"y":18,"block":3,"orientation":1,"from":0}},{"PayloadConsidering":{"play_index":0}},{"PayloadPlaced":{"x":2,"y":17,"block":4,"orientation":2,"from":1}},{"PayloadConsidering":{"play_index":0}},{"PayloadPlaced":{"x":6,"y":19,"block":4,"orientation":6,"from":0}},{"PayloadConsidering":{"play_index":0}},{"PayloadPlaced":{"x":0,"y":18,"block":3,"orientation":0,"from":1}},{"PayloadSkipped":{"from":0,"block":3,"reason":1}},{"PayloadSkipped":{"from":1,"block":3,"reason":1}}]}
