---
created: "2019-09-30T08:33:19.949369563Z"
creator: insta@0.8.1
source: tests/ai/random.rs
expression: ps.field.to_field_string()
---

4003000044
3444440340
0022442200
0012041200
0004030434
0004222240
0034021210
0001222000
0000024000
0000023400
0000024200
0000012120
0000044000
0000034000
0200020000
2240020000
1434020000
0003010000
0004422000
0000412000

