---
created: "2019-09-18T11:15:47.108717947Z"
creator: insta@0.8.1
source: tests/heuristics/mod.rs
expression: "(heuristic_value_width_territory(&field2, 0),\n heuristic_value_width_territory(&field2, 1))"
---
(
    0.02,
    0.04,
)
