---
created: "2019-09-30T08:33:19.949307902Z"
creator: insta@0.8.1
source: tests/game_logic/rules.rs
expression: g.to_field_string()
---

2244020444
1234212322
4422400120
3412340044
2244400340
1234200022
4422120120
3412200044
2244400340
1234340022
3444400120
1222200400
3444120340
1222200400
3444400200
1222340120
3444400200
1222200400
3444120340
1222200400

