---
created: "2019-09-18T11:15:46.529543555Z"
creator: insta@0.8.1
source: tests/game_logic/score.rs
expression: field.scores
---
[
    15,
    8,
]
