---
created: "2019-09-30T08:33:19.949236880Z"
creator: insta@0.8.1
source: tests/game_logic/score.rs
expression: "&field.to_field_string()"
---

0212004400
0222013420
4221222020
4204442220
4144342110
3434220230
3443212244
4404243404
4444124222
3444222212
4443121220
4434212120
3344112220
0444222210
3443222122
0044122222
4434222120
4044122044
3434222234
4340121122

